[17:18:37] [Datafixer Bootstrap/INFO]: 287 Datafixer optimizations took 219 milliseconds
[17:18:39] [main/INFO]: Completely ignored arguments: [net.fabricmc.loader.impl.launch.knot.KnotClient]
[17:18:39] [Render thread/INFO]: Environment: Environment[sessionHost=https://sessionserver.mojang.com, servicesHost=https://api.minecraftservices.com, profilesHost=https://api.mojang.com, name=PROD]
[17:18:39] [Render thread/INFO]: Setting user: Test
[17:18:39] [Render thread/INFO]: Backend library: LWJGL version 3.3.3+5
[17:18:40] [Download-2/ERROR]: Failed to fetch user properties
com.mojang.authlib.exceptions.InvalidCredentialsException: Status: 401
	at com.mojang.authlib.exceptions.MinecraftClientHttpException.toAuthenticationException(MinecraftClientHttpException.java:59)
	at com.mojang.authlib.yggdrasil.YggdrasilUserApiService.fetchProperties(YggdrasilUserApiService.java:150)
	at gfj.bU(SourceFile:457)
	at java.base/java.util.concurrent.CompletableFuture$AsyncSupply.run(CompletableFuture.java:1768)
	at java.base/java.util.concurrent.ThreadPoolExecutor.runWorker(ThreadPoolExecutor.java:1144)
	at java.base/java.util.concurrent.ThreadPoolExecutor$Worker.run(ThreadPoolExecutor.java:642)
	at java.base/java.lang.Thread.run(Thread.java:1583)
Caused by: com.mojang.authlib.exceptions.MinecraftClientHttpException: Status: 401
	at com.mojang.authlib.minecraft.client.MinecraftClient.readInputStream(MinecraftClient.java:103)
	at com.mojang.authlib.minecraft.client.MinecraftClient.get(MinecraftClient.java:56)
	at com.mojang.authlib.yggdrasil.YggdrasilUserApiService.fetchProperties(YggdrasilUserApiService.java:121)
	... 5 more
[17:18:40] [Render thread/INFO]: Using optional rendering extensions: GL_ARB_buffer_storage, GL_KHR_debug, GL_ARB_vertex_attrib_binding, GL_ARB_direct_state_access, GL_EXT_texture_filter_anisotropic
[17:18:40] [Render thread/INFO]: Reloading ResourceManager: vanilla
[17:18:40] [Worker-Main-11/INFO]: Found unifont_pua-17.0.01.hex, loading
[17:18:40] [Worker-Main-9/INFO]: Found unifont_all_no_pua-17.0.01.hex, loading
[17:18:40] [Worker-Main-7/INFO]: Found unifont_jp_patch-17.0.01.hex, loading
[17:18:40] [Download-2/INFO]: Could not authorize you against Realms server: java.lang.RuntimeException: Failed to parse into SignedJWT: 00000000-0000-0000-0000-000000000000
[17:18:40] [Download-2/ERROR]: Failed to fetch Realms feature flags
gce: Realms authentication error with message 'java.lang.RuntimeException: Failed to parse into SignedJWT: 00000000-0000-0000-0000-000000000000'
	at fzz.a(SourceFile:526)
	at fzz.o(SourceFile:186)
	at java.base/java.util.concurrent.CompletableFuture$AsyncSupply.run(CompletableFuture.java:1768)
	at java.base/java.util.concurrent.ThreadPoolExecutor.runWorker(ThreadPoolExecutor.java:1144)
	at java.base/java.util.concurrent.ThreadPoolExecutor$Worker.run(ThreadPoolExecutor.java:642)
	at java.base/java.lang.Thread.run(Thread.java:1583)
[17:18:42] [Render thread/INFO]: OpenAL initialized on device OpenAL Soft on Speakers (Razer Barracuda X)
[17:18:42] [Render thread/INFO]: Sound engine started
[17:18:42] [Render thread/INFO]: Created: 512x256x0 minecraft:textures/atlas/particles.png-atlas
[17:18:42] [Render thread/INFO]: Created: 128x128x0 minecraft:textures/atlas/decorated_pot.png-atlas
[17:18:42] [Render thread/INFO]: Created: 2048x1024x0 minecraft:textures/atlas/armor_trims.png-atlas
[17:18:42] [Render thread/INFO]: Created: 512x256x0 minecraft:textures/atlas/paintings.png-atlas
[17:18:42] [Render thread/INFO]: Created: 1024x512x0 minecraft:textures/atlas/shield_patterns.png-atlas
[17:18:42] [Render thread/INFO]: Created: 2048x2048x4 minecraft:textures/atlas/blocks.png-atlas
[17:18:42] [Render thread/INFO]: Created: 512x512x0 minecraft:textures/atlas/chest.png-atlas
[17:18:42] [Render thread/INFO]: Created: 256x128x0 minecraft:textures/atlas/celestials.png-atlas
[17:18:42] [Render thread/INFO]: Created: 1024x512x0 minecraft:textures/atlas/banner_patterns.png-atlas
[17:18:42] [Render thread/INFO]: Created: 512x512x0 minecraft:textures/atlas/beds.png-atlas
[17:18:42] [Render thread/INFO]: Created: 1024x512x0 minecraft:textures/atlas/items.png-atlas
[17:18:42] [Render thread/INFO]: Created: 1024x1024x0 minecraft:textures/atlas/gui.png-atlas
[17:18:42] [Render thread/INFO]: Created: 128x64x0 minecraft:textures/atlas/map_decorations.png-atlas
[17:18:42] [Render thread/INFO]: Created: 512x256x0 minecraft:textures/atlas/signs.png-atlas
[17:18:42] [Render thread/INFO]: Created: 512x512x0 minecraft:textures/atlas/shulker_boxes.png-atlas
[17:18:42] [IO-Worker-1/INFO]: Could not authorize you against Realms server: java.lang.RuntimeException: Failed to parse into SignedJWT: 00000000-0000-0000-0000-000000000000
[17:18:42] [IO-Worker-1/ERROR]: Couldn't connect to realms
gce: Realms authentication error with message 'java.lang.RuntimeException: Failed to parse into SignedJWT: 00000000-0000-0000-0000-000000000000'
	at fzz.a(SourceFile:526)
	at fzz.i(SourceFile:307)
	at fzt.c(SourceFile:48)
	at java.base/java.util.concurrent.CompletableFuture$AsyncSupply.run(CompletableFuture.java:1768)
	at java.base/java.util.concurrent.ThreadPoolExecutor.runWorker(ThreadPoolExecutor.java:1144)
	at java.base/java.util.concurrent.ThreadPoolExecutor$Worker.run(ThreadPoolExecutor.java:642)
	at java.base/java.lang.Thread.run(Thread.java:1583)
